Copyright 1986-2022 Xilinx, Inc. All Rights Reserved. Copyright 2022-2023 Advanced Micro Devices, Inc. All Rights Reserved.
---------------------------------------------------------------------------------------------------------------------------------------------
| Tool Version : Vivado v.2023.2 (lin64) Build 4029153 Fri Oct 13 20:13:54 MDT 2023
| Date         : Tue Jan 16 17:52:51 2024
| Host         : pclab211 running 64-bit Ubuntu 23.10
| Command      : report_control_sets -verbose -file finn_design_wrapper_control_sets_placed.rpt
| Design       : finn_design_wrapper
| Device       : xc7a100t
---------------------------------------------------------------------------------------------------------------------------------------------

Control Set Information

Table of Contents
-----------------
1. Summary
2. Histogram
3. Flip-Flop Distribution
4. Detailed Control Set Information

1. Summary
----------

+----------------------------------------------------------+-------+
|                          Status                          | Count |
+----------------------------------------------------------+-------+
| Total control sets                                       |    85 |
|    Minimum number of control sets                        |    85 |
|    Addition due to synthesis replication                 |     0 |
|    Addition due to physical synthesis replication        |     0 |
| Unused register locations in slices containing registers |   200 |
+----------------------------------------------------------+-------+
* Control sets can be merged at opt_design using control_set_merge or merge_equivalent_drivers
** Run report_qor_suggestions for automated merging and remapping suggestions


2. Histogram
------------

+--------------------+-------+
|       Fanout       | Count |
+--------------------+-------+
| Total control sets |    85 |
| >= 0 to < 4        |     6 |
| >= 4 to < 6        |     7 |
| >= 6 to < 8        |    11 |
| >= 8 to < 10       |     2 |
| >= 10 to < 12      |     3 |
| >= 12 to < 14      |     2 |
| >= 14 to < 16      |     0 |
| >= 16              |    54 |
+--------------------+-------+
* Control sets can be remapped at either synth_design or opt_design


3. Flip-Flop Distribution
-------------------------

+--------------+-----------------------+------------------------+-----------------+--------------+
| Clock Enable | Synchronous Set/Reset | Asynchronous Set/Reset | Total Registers | Total Slices |
+--------------+-----------------------+------------------------+-----------------+--------------+
| No           | No                    | No                     |              44 |           27 |
| No           | No                    | Yes                    |               0 |            0 |
| No           | Yes                   | No                     |              86 |           38 |
| Yes          | No                    | No                     |            4476 |         1546 |
| Yes          | No                    | Yes                    |               0 |            0 |
| Yes          | Yes                   | No                     |             362 |          124 |
+--------------+-----------------------+------------------------+-----------------+--------------+


4. Detailed Control Set Information
-----------------------------------

+-------------------+-------------------------------------------------------------------------------------------------------------------------------------------------------------------------------------+---------------------------------------------------------------------------------------------------------------------------------------------------------------------------------------+------------------+----------------+--------------+
|    Clock Signal   |                                                                                    Enable Signal                                                                                    |                                                                                    Set/Reset Signal                                                                                   | Slice Load Count | Bel Load Count | Bels / Slice |
+-------------------+-------------------------------------------------------------------------------------------------------------------------------------------------------------------------------------+---------------------------------------------------------------------------------------------------------------------------------------------------------------------------------------+------------------+----------------+--------------+
|  ap_clk_IBUF_BUFG | finn_design_i/MatrixVectorActivation_2/inst/grp_Matrix_Vector_Activate_Batch_fu_36/flow_control_loop_pipe_sequential_init_U/ap_condition_120                                        |                                                                                                                                                                                       |                1 |              1 |         1.00 |
|  ap_clk_IBUF_BUFG | finn_design_i/MatrixVectorActivation_1/inst/grp_Matrix_Vector_Activate_Batch_fu_36/flow_control_loop_pipe_sequential_init_U/ap_condition_120                                        |                                                                                                                                                                                       |                1 |              1 |         1.00 |
|  ap_clk_IBUF_BUFG | finn_design_i/MatrixVectorActivation_0/inst/grp_Matrix_Vector_Activate_Batch_fu_60/weights_0_U/E[0]                                                                                 | finn_design_i/MatrixVectorActivation_0/inst/grp_Matrix_Vector_Activate_Batch_fu_60/weights_6_U/q0[47]_i_1__1_n_3                                                                      |                1 |              1 |         1.00 |
|  ap_clk_IBUF_BUFG | finn_design_i/MatrixVectorActivation_0/inst/grp_Matrix_Vector_Activate_Batch_fu_60/weights_0_U/E[0]                                                                                 | finn_design_i/MatrixVectorActivation_0/inst/grp_Matrix_Vector_Activate_Batch_fu_60/weights_14_U/q0[69]_i_1__1_n_3                                                                     |                1 |              1 |         1.00 |
|  ap_clk_IBUF_BUFG | finn_design_i/MatrixVectorActivation_0/inst/grp_Matrix_Vector_Activate_Batch_fu_60/weights_0_U/E[0]                                                                                 | finn_design_i/MatrixVectorActivation_0/inst/grp_Matrix_Vector_Activate_Batch_fu_60/weights_14_U/q0[43]_i_1__3_n_3                                                                     |                1 |              1 |         1.00 |
|  ap_clk_IBUF_BUFG | finn_design_i/MatrixVectorActivation_0/inst/grp_Matrix_Vector_Activate_Batch_fu_60/weights_0_U/E[0]                                                                                 | finn_design_i/MatrixVectorActivation_0/inst/grp_Matrix_Vector_Activate_Batch_fu_60/weights_14_U/q0[51]_i_1__0_n_3                                                                     |                1 |              1 |         1.00 |
|  ap_clk_IBUF_BUFG | finn_design_i/MatrixVectorActivation_1/inst/grp_Matrix_Vector_Activate_Batch_fu_36/ap_NS_iter3_fsm16_out                                                                            | finn_design_i/MatrixVectorActivation_1/inst/grp_Matrix_Vector_Activate_Batch_fu_36/weights_39_U/ap_CS_iter5_fsm_reg[1]                                                                |                2 |              4 |         2.00 |
|  ap_clk_IBUF_BUFG |                                                                                                                                                                                     | finn_design_i/StreamingDataWidthConverter_rtl_0/inst/impl/core/clear                                                                                                                  |                1 |              4 |         4.00 |
|  ap_clk_IBUF_BUFG | finn_design_i/MatrixVectorActivation_0/inst/grp_Matrix_Vector_Activate_Batch_fu_60/weights_0_U/E[0]                                                                                 | finn_design_i/MatrixVectorActivation_0/inst/grp_Matrix_Vector_Activate_Batch_fu_60/weights_8_U/q0[65]_i_1__1_n_3                                                                      |                1 |              4 |         4.00 |
|  ap_clk_IBUF_BUFG | finn_design_i/MatrixVectorActivation_0/inst/grp_Matrix_Vector_Activate_Batch_fu_60/weights_0_U/E[0]                                                                                 | finn_design_i/MatrixVectorActivation_0/inst/grp_Matrix_Vector_Activate_Batch_fu_60/weights_15_U/tile_fu_444_reg[1]_rep__4                                                             |                2 |              4 |         2.00 |
|  ap_clk_IBUF_BUFG | finn_design_i/MatrixVectorActivation_0/inst/grp_Matrix_Vector_Activate_Batch_fu_60/weights_0_U/E[0]                                                                                 | finn_design_i/MatrixVectorActivation_0/inst/grp_Matrix_Vector_Activate_Batch_fu_60/weights_13_U/q0[64]_i_1__2_n_3                                                                     |                1 |              4 |         4.00 |
|  ap_clk_IBUF_BUFG | finn_design_i/MatrixVectorActivation_2/inst/grp_Matrix_Vector_Activate_Batch_fu_36/flow_control_loop_pipe_sequential_init_U/ap_condition_120                                        | finn_design_i/MatrixVectorActivation_2/inst/grp_Matrix_Vector_Activate_Batch_fu_36/flow_control_loop_pipe_sequential_init_U/grp_Matrix_Vector_Activate_Batch_fu_36_ap_start_reg_reg_1 |                1 |              5 |         5.00 |
|  ap_clk_IBUF_BUFG | finn_design_i/MatrixVectorActivation_1/inst/grp_Matrix_Vector_Activate_Batch_fu_36/flow_control_loop_pipe_sequential_init_U/ap_condition_120                                        | finn_design_i/MatrixVectorActivation_1/inst/grp_Matrix_Vector_Activate_Batch_fu_36/flow_control_loop_pipe_sequential_init_U/grp_Matrix_Vector_Activate_Batch_fu_36_ap_start_reg_reg   |                1 |              5 |         5.00 |
|  ap_clk_IBUF_BUFG | finn_design_i/MatrixVectorActivation_0/inst/grp_Matrix_Vector_Activate_Batch_fu_60/weights_0_U/E[0]                                                                                 | finn_design_i/MatrixVectorActivation_0/inst/grp_Matrix_Vector_Activate_Batch_fu_60/weights_15_U/tile_fu_444_reg[2]_rep                                                                |                3 |              6 |         2.00 |
|  ap_clk_IBUF_BUFG | finn_design_i/MatrixVectorActivation_0/inst/grp_Matrix_Vector_Activate_Batch_fu_60/weights_0_U/E[0]                                                                                 | finn_design_i/MatrixVectorActivation_0/inst/grp_Matrix_Vector_Activate_Batch_fu_60/weights_15_U/tile_fu_444_reg[3]_rep__7                                                             |                3 |              6 |         2.00 |
|  ap_clk_IBUF_BUFG | finn_design_i/MatrixVectorActivation_3/inst/regslice_both_out_V_U/weights_40_ce0                                                                                                    |                                                                                                                                                                                       |                4 |              6 |         1.50 |
|  ap_clk_IBUF_BUFG | finn_design_i/MatrixVectorActivation_0/inst/grp_Matrix_Vector_Activate_Batch_fu_60/flow_control_loop_pipe_sequential_init_U/B_V_data_1_state_reg[0][0]                              |                                                                                                                                                                                       |                2 |              6 |         3.00 |
|  ap_clk_IBUF_BUFG | finn_design_i/MatrixVectorActivation_1/inst/grp_Matrix_Vector_Activate_Batch_fu_36/tile_fu_4440                                                                                     | finn_design_i/MatrixVectorActivation_1/inst/grp_Matrix_Vector_Activate_Batch_fu_36/flow_control_loop_pipe_sequential_init_U/icmp_ln174_reg_3665_reg[0]                                |                2 |              6 |         3.00 |
|  ap_clk_IBUF_BUFG | finn_design_i/MatrixVectorActivation_2/inst/grp_Matrix_Vector_Activate_Batch_fu_36/tile_fu_4520                                                                                     | finn_design_i/MatrixVectorActivation_2/inst/grp_Matrix_Vector_Activate_Batch_fu_36/flow_control_loop_pipe_sequential_init_U/ap_CS_iter1_fsm_reg[1]                                    |                2 |              6 |         3.00 |
|  ap_clk_IBUF_BUFG | finn_design_i/MatrixVectorActivation_2/inst/grp_Matrix_Vector_Activate_Batch_fu_36/flow_control_loop_pipe_sequential_init_U/E[0]                                                    |                                                                                                                                                                                       |                2 |              7 |         3.50 |
|  ap_clk_IBUF_BUFG | finn_design_i/MatrixVectorActivation_0/inst/grp_Matrix_Vector_Activate_Batch_fu_60/weights_0_U/E[0]                                                                                 | finn_design_i/MatrixVectorActivation_0/inst/grp_Matrix_Vector_Activate_Batch_fu_60/weights_11_U/tile_fu_444_reg[4]_rep__0                                                             |                3 |              7 |         2.33 |
|  ap_clk_IBUF_BUFG | finn_design_i/MatrixVectorActivation_3/inst/regslice_both_out_V_U/ap_NS_iter3_fsm1                                                                                                  |                                                                                                                                                                                       |                2 |              7 |         3.50 |
|  ap_clk_IBUF_BUFG | finn_design_i/MatrixVectorActivation_3/inst/regslice_both_in0_V_U/E[0]                                                                                                              |                                                                                                                                                                                       |                3 |              7 |         2.33 |
|  ap_clk_IBUF_BUFG | finn_design_i/MatrixVectorActivation_1/inst/grp_Matrix_Vector_Activate_Batch_fu_36/flow_control_loop_pipe_sequential_init_U/E[0]                                                    |                                                                                                                                                                                       |                3 |              7 |         2.33 |
|  ap_clk_IBUF_BUFG | finn_design_i/MatrixVectorActivation_3/inst/regslice_both_out_V_U/E[0]                                                                                                              |                                                                                                                                                                                       |                2 |              8 |         4.00 |
|  ap_clk_IBUF_BUFG |                                                                                                                                                                                     | finn_design_i/StreamingDataWidthConverter_rtl_1/inst/impl/core/clear                                                                                                                  |                2 |              8 |         4.00 |
|  ap_clk_IBUF_BUFG |                                                                                                                                                                                     | finn_design_i/MatrixVectorActivation_3/inst/regslice_both_in0_V_U/ap_rst_n_inv                                                                                                        |                4 |             10 |         2.50 |
|  ap_clk_IBUF_BUFG | finn_design_i/MatrixVectorActivation_0/inst/grp_Matrix_Vector_Activate_Batch_fu_60/flow_control_loop_pipe_sequential_init_U/ap_condition_114                                        |                                                                                                                                                                                       |                4 |             10 |         2.50 |
|  ap_clk_IBUF_BUFG |                                                                                                                                                                                     | finn_design_i/StreamingFIFO_0/inst/StreamingFIFO_0_StreamingFIFO_0/maxcount_reg[4]_i_1_n_0                                                                                            |                4 |             10 |         2.50 |
|  ap_clk_IBUF_BUFG | finn_design_i/MatrixVectorActivation_0/inst/grp_Matrix_Vector_Activate_Batch_fu_60/weights_0_U/E[0]                                                                                 | finn_design_i/MatrixVectorActivation_0/inst/grp_Matrix_Vector_Activate_Batch_fu_60/weights_13_U/tile_fu_444_reg[4]_rep                                                                |                5 |             12 |         2.40 |
|  ap_clk_IBUF_BUFG | finn_design_i/MatrixVectorActivation_2/inst/grp_Matrix_Vector_Activate_Batch_fu_36/ap_NS_iter3_fsm16_out                                                                            | finn_design_i/MatrixVectorActivation_2/inst/grp_Matrix_Vector_Activate_Batch_fu_36/weights_39_U/ap_CS_iter2_fsm_reg[1]                                                                |                7 |             12 |         1.71 |
|  ap_clk_IBUF_BUFG |                                                                                                                                                                                     | finn_design_i/MatrixVectorActivation_2/inst/grp_Matrix_Vector_Activate_Batch_fu_36/flow_control_loop_pipe_sequential_init_U/ap_rst_n_0                                                |               10 |             17 |         1.70 |
|  ap_clk_IBUF_BUFG |                                                                                                                                                                                     | finn_design_i/MatrixVectorActivation_1/inst/grp_Matrix_Vector_Activate_Batch_fu_36/flow_control_loop_pipe_sequential_init_U/ap_rst_n_0                                                |                8 |             17 |         2.12 |
|  ap_clk_IBUF_BUFG | finn_design_i/MatrixVectorActivation_0/inst/grp_Matrix_Vector_Activate_Batch_fu_60/weights_0_U/E[0]                                                                                 | finn_design_i/MatrixVectorActivation_0/inst/grp_Matrix_Vector_Activate_Batch_fu_60/weights_5_U/tile_fu_444_reg[5]_rep__7                                                              |                6 |             19 |         3.17 |
|  ap_clk_IBUF_BUFG |                                                                                                                                                                                     | finn_design_i/MatrixVectorActivation_0/inst/grp_Matrix_Vector_Activate_Batch_fu_60/flow_control_loop_pipe_sequential_init_U/SR[0]                                                     |                9 |             20 |         2.22 |
|  ap_clk_IBUF_BUFG | finn_design_i/MatrixVectorActivation_2/inst/grp_Matrix_Vector_Activate_Batch_fu_36/ap_NS_iter5_fsm1                                                                                 |                                                                                                                                                                                       |                5 |             22 |         4.40 |
|  ap_clk_IBUF_BUFG | finn_design_i/MatrixVectorActivation_1/inst/grp_Matrix_Vector_Activate_Batch_fu_36/ap_NS_iter5_fsm1                                                                                 |                                                                                                                                                                                       |                8 |             29 |         3.62 |
|  ap_clk_IBUF_BUFG | finn_design_i/MatrixVectorActivation_1/inst/grp_Matrix_Vector_Activate_Batch_fu_36/flow_control_loop_pipe_sequential_init_U/E[0]                                                    | finn_design_i/MatrixVectorActivation_1/inst/grp_Matrix_Vector_Activate_Batch_fu_36/flow_control_loop_pipe_sequential_init_U/SR[0]                                                     |                9 |             32 |         3.56 |
|  ap_clk_IBUF_BUFG | finn_design_i/StreamingDataWidthConverter_rtl_0/inst/impl/core/s_axis_tready                                                                                                        |                                                                                                                                                                                       |                7 |             32 |         4.57 |
|  ap_clk_IBUF_BUFG | finn_design_i/MatrixVectorActivation_0/inst/regslice_both_out_V_U/B_V_data_1_load_B                                                                                                 |                                                                                                                                                                                       |               11 |             32 |         2.91 |
|  ap_clk_IBUF_BUFG | finn_design_i/MatrixVectorActivation_0/inst/regslice_both_out_V_U/B_V_data_1_payload_A[31]_i_1_n_3                                                                                  |                                                                                                                                                                                       |               10 |             32 |         3.20 |
|  ap_clk_IBUF_BUFG | finn_design_i/MatrixVectorActivation_0/inst/grp_Matrix_Vector_Activate_Batch_fu_60/flow_control_loop_pipe_sequential_init_U/E[0]                                                    | finn_design_i/MatrixVectorActivation_0/inst/grp_Matrix_Vector_Activate_Batch_fu_60/flow_control_loop_pipe_sequential_init_U/i_fu_452_reg[4][0]                                        |                9 |             32 |         3.56 |
|  ap_clk_IBUF_BUFG | finn_design_i/MatrixVectorActivation_3/inst/regslice_both_out_V_U/sf_fu_780                                                                                                         | finn_design_i/MatrixVectorActivation_3/inst/regslice_both_out_V_U/clear                                                                                                               |                8 |             32 |         4.00 |
|  ap_clk_IBUF_BUFG | finn_design_i/MatrixVectorActivation_0/inst/grp_Matrix_Vector_Activate_Batch_fu_60/flow_control_loop_pipe_sequential_init_U/i_fu_452_reg[4][0]                                      | finn_design_i/MatrixVectorActivation_0/inst/grp_Matrix_Vector_Activate_Batch_fu_60/flow_control_loop_pipe_sequential_init_U/ap_loop_init_int_reg_0[0]                                 |                9 |             32 |         3.56 |
|  ap_clk_IBUF_BUFG | finn_design_i/MatrixVectorActivation_2/inst/grp_Matrix_Vector_Activate_Batch_fu_36/flow_control_loop_pipe_sequential_init_U/E[0]                                                    | finn_design_i/MatrixVectorActivation_2/inst/grp_Matrix_Vector_Activate_Batch_fu_36/flow_control_loop_pipe_sequential_init_U/SR[0]                                                     |                9 |             32 |         3.56 |
|  ap_clk_IBUF_BUFG | finn_design_i/StreamingFIFO_0/inst/StreamingFIFO_0_StreamingFIFO_0/shift_en_                                                                                                        |                                                                                                                                                                                       |               12 |             40 |         3.33 |
|  ap_clk_IBUF_BUFG | finn_design_i/StreamingFIFO_0/inst/StreamingFIFO_0_StreamingFIFO_0/shift_en_o_                                                                                                      | finn_design_i/StreamingFIFO_0/inst/StreamingFIFO_0_StreamingFIFO_0/maxcount_reg[4]_i_1_n_0                                                                                            |               16 |             40 |         2.50 |
|  ap_clk_IBUF_BUFG | finn_design_i/MatrixVectorActivation_0/inst/regslice_both_in0_V_U/B_V_data_1_load_B                                                                                                 |                                                                                                                                                                                       |               10 |             40 |         4.00 |
|  ap_clk_IBUF_BUFG | finn_design_i/MatrixVectorActivation_0/inst/regslice_both_in0_V_U/B_V_data_1_payload_A[39]_i_1_n_3                                                                                  |                                                                                                                                                                                       |                9 |             40 |         4.44 |
|  ap_clk_IBUF_BUFG | finn_design_i/MatrixVectorActivation_0/inst/grp_Matrix_Vector_Activate_Batch_fu_60/flow_control_loop_pipe_sequential_init_U/sf_fu_448_reg[1]_0[0]                                   |                                                                                                                                                                                       |               12 |             40 |         3.33 |
|  ap_clk_IBUF_BUFG | finn_design_i/MatrixVectorActivation_0/inst/grp_Matrix_Vector_Activate_Batch_fu_60/flow_control_loop_pipe_sequential_init_U/sf_fu_448_reg[0]_3[0]                                   |                                                                                                                                                                                       |               23 |             40 |         1.74 |
|  ap_clk_IBUF_BUFG | finn_design_i/MatrixVectorActivation_0/inst/grp_Matrix_Vector_Activate_Batch_fu_60/flow_control_loop_pipe_sequential_init_U/sf_fu_448_reg[1]_2[0]                                   |                                                                                                                                                                                       |               11 |             40 |         3.64 |
|  ap_clk_IBUF_BUFG | finn_design_i/MatrixVectorActivation_0/inst/grp_Matrix_Vector_Activate_Batch_fu_60/flow_control_loop_pipe_sequential_init_U/sf_fu_448_reg[0]_0[0]                                   |                                                                                                                                                                                       |                8 |             40 |         5.00 |
|  ap_clk_IBUF_BUFG | finn_design_i/MatrixVectorActivation_0/inst/grp_Matrix_Vector_Activate_Batch_fu_60/flow_control_loop_pipe_sequential_init_U/sf_fu_448_reg[1]_1[0]                                   |                                                                                                                                                                                       |                8 |             40 |         5.00 |
|  ap_clk_IBUF_BUFG | finn_design_i/MatrixVectorActivation_0/inst/grp_Matrix_Vector_Activate_Batch_fu_60/flow_control_loop_pipe_sequential_init_U/sf_fu_448_reg[0]_4[0]                                   |                                                                                                                                                                                       |               14 |             40 |         2.86 |
|  ap_clk_IBUF_BUFG | finn_design_i/MatrixVectorActivation_0/inst/grp_Matrix_Vector_Activate_Batch_fu_60/flow_control_loop_pipe_sequential_init_U/sf_fu_448_reg[3]_0[0]                                   |                                                                                                                                                                                       |               12 |             40 |         3.33 |
|  ap_clk_IBUF_BUFG | finn_design_i/MatrixVectorActivation_0/inst/grp_Matrix_Vector_Activate_Batch_fu_60/flow_control_loop_pipe_sequential_init_U/sf_fu_448_reg[1][0]                                     |                                                                                                                                                                                       |               12 |             40 |         3.33 |
|  ap_clk_IBUF_BUFG | finn_design_i/MatrixVectorActivation_0/inst/grp_Matrix_Vector_Activate_Batch_fu_60/flow_control_loop_pipe_sequential_init_U/sf_fu_448_reg[3][0]                                     |                                                                                                                                                                                       |                8 |             40 |         5.00 |
|  ap_clk_IBUF_BUFG | finn_design_i/MatrixVectorActivation_0/inst/grp_Matrix_Vector_Activate_Batch_fu_60/flow_control_loop_pipe_sequential_init_U/sf_fu_448_reg[0][0]                                     |                                                                                                                                                                                       |               23 |             40 |         1.74 |
|  ap_clk_IBUF_BUFG | finn_design_i/MatrixVectorActivation_0/inst/grp_Matrix_Vector_Activate_Batch_fu_60/flow_control_loop_pipe_sequential_init_U/sf_fu_448_reg[1]_3[0]                                   |                                                                                                                                                                                       |               12 |             40 |         3.33 |
|  ap_clk_IBUF_BUFG | finn_design_i/MatrixVectorActivation_0/inst/grp_Matrix_Vector_Activate_Batch_fu_60/flow_control_loop_pipe_sequential_init_U/sf_fu_448_reg[0]_5[0]                                   |                                                                                                                                                                                       |               13 |             40 |         3.08 |
|  ap_clk_IBUF_BUFG | finn_design_i/MatrixVectorActivation_0/inst/grp_Matrix_Vector_Activate_Batch_fu_60/flow_control_loop_pipe_sequential_init_U/sf_fu_448_reg[0]_1[0]                                   |                                                                                                                                                                                       |               11 |             40 |         3.64 |
|  ap_clk_IBUF_BUFG | finn_design_i/MatrixVectorActivation_0/inst/grp_Matrix_Vector_Activate_Batch_fu_60/flow_control_loop_pipe_sequential_init_U/sf_fu_448_reg[0]_2[0]                                   |                                                                                                                                                                                       |               11 |             40 |         3.64 |
|  ap_clk_IBUF_BUFG | finn_design_i/MatrixVectorActivation_0/inst/grp_Matrix_Vector_Activate_Batch_fu_60/flow_control_loop_pipe_sequential_init_U/grp_Matrix_Vector_Activate_Batch_fu_60_ap_start_reg_reg |                                                                                                                                                                                       |                8 |             40 |         5.00 |
|  ap_clk_IBUF_BUFG | finn_design_i/MatrixVectorActivation_0/inst/grp_Matrix_Vector_Activate_Batch_fu_60/flow_control_loop_pipe_sequential_init_U/sf_fu_448_reg[2][0]                                     |                                                                                                                                                                                       |               12 |             40 |         3.33 |
|  ap_clk_IBUF_BUFG |                                                                                                                                                                                     |                                                                                                                                                                                       |               27 |             44 |         1.63 |
|  ap_clk_IBUF_BUFG | finn_design_i/MatrixVectorActivation_2/inst/grp_Matrix_Vector_Activate_Batch_fu_36/ap_NS_iter4_fsm15_out                                                                            |                                                                                                                                                                                       |               11 |             50 |         4.55 |
|  ap_clk_IBUF_BUFG | finn_design_i/MatrixVectorActivation_2/inst/regslice_both_in0_V_U/B_V_data_1_load_A                                                                                                 |                                                                                                                                                                                       |               15 |             54 |         3.60 |
|  ap_clk_IBUF_BUFG | finn_design_i/MatrixVectorActivation_2/inst/regslice_both_in0_V_U/B_V_data_1_load_B                                                                                                 |                                                                                                                                                                                       |               19 |             54 |         2.84 |
|  ap_clk_IBUF_BUFG | finn_design_i/MatrixVectorActivation_2/inst/grp_Matrix_Vector_Activate_Batch_fu_36/flow_control_loop_pipe_sequential_init_U/B_V_data_1_state_reg[0]_1[0]                            |                                                                                                                                                                                       |               11 |             54 |         4.91 |
|  ap_clk_IBUF_BUFG | finn_design_i/MatrixVectorActivation_0/inst/grp_Matrix_Vector_Activate_Batch_fu_60/sel                                                                                              | finn_design_i/MatrixVectorActivation_0/inst/grp_Matrix_Vector_Activate_Batch_fu_60/flow_control_loop_pipe_sequential_init_U/clear                                                     |               21 |             58 |         2.76 |
|  ap_clk_IBUF_BUFG | finn_design_i/MatrixVectorActivation_1/inst/grp_Matrix_Vector_Activate_Batch_fu_36/ap_NS_iter4_fsm15_out                                                                            |                                                                                                                                                                                       |               15 |             60 |         4.00 |
|  ap_clk_IBUF_BUFG | finn_design_i/MatrixVectorActivation_2/inst/grp_Matrix_Vector_Activate_Batch_fu_36/ap_NS_iter3_fsm16_out                                                                            |                                                                                                                                                                                       |               16 |             70 |         4.38 |
|  ap_clk_IBUF_BUFG | finn_design_i/MatrixVectorActivation_1/inst/regslice_both_in0_V_U/B_V_data_1_payload_A[127]_i_1_n_3                                                                                 |                                                                                                                                                                                       |               19 |             80 |         4.21 |
|  ap_clk_IBUF_BUFG | finn_design_i/MatrixVectorActivation_1/inst/regslice_both_in0_V_U/B_V_data_1_load_B                                                                                                 |                                                                                                                                                                                       |               19 |             80 |         4.21 |
|  ap_clk_IBUF_BUFG | finn_design_i/MatrixVectorActivation_1/inst/grp_Matrix_Vector_Activate_Batch_fu_36/flow_control_loop_pipe_sequential_init_U/nf_1_fu_448_reg[31][0]                                  |                                                                                                                                                                                       |               18 |             80 |         4.44 |
|  ap_clk_IBUF_BUFG | finn_design_i/MatrixVectorActivation_2/inst/grp_Matrix_Vector_Activate_Batch_fu_36/weights_39_U/E[0]                                                                                |                                                                                                                                                                                       |               23 |             82 |         3.57 |
|  ap_clk_IBUF_BUFG | finn_design_i/StreamingDataWidthConverter_rtl_0/inst/impl/core/genUp.ADat[3][31]_i_1_n_0                                                                                            |                                                                                                                                                                                       |               28 |            106 |         3.79 |
|  ap_clk_IBUF_BUFG | finn_design_i/StreamingDataWidthConverter_rtl_1/inst/impl/core/genUp.acnt1                                                                                                          |                                                                                                                                                                                       |               27 |            126 |         4.67 |
|  ap_clk_IBUF_BUFG | finn_design_i/MatrixVectorActivation_1/inst/grp_Matrix_Vector_Activate_Batch_fu_36/ap_NS_iter3_fsm16_out                                                                            |                                                                                                                                                                                       |               51 |            142 |         2.78 |
|  ap_clk_IBUF_BUFG | finn_design_i/MatrixVectorActivation_0/inst/grp_Matrix_Vector_Activate_Batch_fu_60/accu_10_fu_4960                                                                                  |                                                                                                                                                                                       |               52 |            144 |         2.77 |
|  ap_clk_IBUF_BUFG | finn_design_i/MatrixVectorActivation_0/inst/grp_Matrix_Vector_Activate_Batch_fu_60/ap_NS_iter4_fsm1                                                                                 |                                                                                                                                                                                       |               50 |            150 |         3.00 |
|  ap_clk_IBUF_BUFG | finn_design_i/MatrixVectorActivation_1/inst/grp_Matrix_Vector_Activate_Batch_fu_36/weights_39_U/p_ZL7threshs_0_ce0                                                                  |                                                                                                                                                                                       |               49 |            169 |         3.45 |
|  ap_clk_IBUF_BUFG | finn_design_i/MatrixVectorActivation_0/inst/grp_Matrix_Vector_Activate_Batch_fu_60/ap_NS_iter3_fsm145_out                                                                           |                                                                                                                                                                                       |              430 |           1009 |         2.35 |
|  ap_clk_IBUF_BUFG | finn_design_i/MatrixVectorActivation_0/inst/grp_Matrix_Vector_Activate_Batch_fu_60/weights_0_U/E[0]                                                                                 |                                                                                                                                                                                       |              411 |           1039 |         2.53 |
+-------------------+-------------------------------------------------------------------------------------------------------------------------------------------------------------------------------------+---------------------------------------------------------------------------------------------------------------------------------------------------------------------------------------+------------------+----------------+--------------+


