#-----------------------------------------------------------
# Vivado v2023.2 (64-bit)
# SW Build 4029153 on Fri Oct 13 20:13:54 MDT 2023
# IP Build 4028589 on Sat Oct 14 00:45:43 MDT 2023
# SharedData Build 4025554 on Tue Oct 10 17:18:54 MDT 2023
# Start of session at: Tue Mar 12 02:54:46 2024
# Process ID: 155013
# Current directory: /home/artti/Desktop/finn/notebooks/sat6_cnn/T1-8bit/build_t1w8_v3/stitched_ip/finn_vivado_stitch_proj.runs/impl_1
# Command line: vivado -log finn_design_wrapper.vdi -applog -product Vivado -messageDb vivado.pb -mode batch -source finn_design_wrapper.tcl -notrace
# Log file: /home/artti/Desktop/finn/notebooks/sat6_cnn/T1-8bit/build_t1w8_v3/stitched_ip/finn_vivado_stitch_proj.runs/impl_1/finn_design_wrapper.vdi
# Journal file: /home/artti/Desktop/finn/notebooks/sat6_cnn/T1-8bit/build_t1w8_v3/stitched_ip/finn_vivado_stitch_proj.runs/impl_1/vivado.jou
# Running On: artti-desktop, OS: Linux, CPU Frequency: 3998.879 MHz, CPU Physical cores: 6, Host memory: 16689 MB
#-----------------------------------------------------------
source finn_design_wrapper.tcl -notrace
