Copyright 1986-2022 Xilinx, Inc. All Rights Reserved. Copyright 2022-2023 Advanced Micro Devices, Inc. All Rights Reserved.
---------------------------------------------------------------------------------------------------------------------------------------------
| Tool Version : Vivado v.2023.2 (lin64) Build 4029153 Fri Oct 13 20:13:54 MDT 2023
| Date         : Tue Mar 12 05:14:12 2024
| Host         : finn_dev_artti running 64-bit Ubuntu 22.04.1 LTS
| Command      : report_utilization -hierarchical -hierarchical_depth 5 -file finn_design_partition_util.rpt
| Design       : finn_design_wrapper
| Device       : xc7z020clg484-1
| Speed File   : -1
| Design State : Synthesized
---------------------------------------------------------------------------------------------------------------------------------------------

Utilization Design Information

Table of Contents
-----------------
1. Utilization by Hierarchy

1. Utilization by Hierarchy
---------------------------

+---------------------------------------------------------------------+----------------------------------------------------------------------------------------------------------------------------------------------+------------+------------+---------+------+-------+--------+--------+------------+
|                               Instance                              |                                                                    Module                                                                    | Total LUTs | Logic LUTs | LUTRAMs | SRLs |  FFs  | RAMB36 | RAMB18 | DSP Blocks |
+---------------------------------------------------------------------+----------------------------------------------------------------------------------------------------------------------------------------------+------------+------------+---------+------+-------+--------+--------+------------+
| finn_design_wrapper                                                 |                                                                                                                                        (top) |      13806 |      13362 |     180 |  264 | 19714 |      9 |      3 |          0 |
|   finn_design_i                                                     |                                                                                                                                  finn_design |      13806 |      13362 |     180 |  264 | 19714 |      9 |      3 |          0 |
|     ConvolutionInputGenerator_0                                     |                                                                                                    finn_design_ConvolutionInputGenerator_0_0 |        990 |        810 |     180 |    0 |   539 |      0 |      0 |          0 |
|       inst                                                          |                                                                        finn_design_ConvolutionInputGenerator_0_0_ConvolutionInputGenerator_0 |        990 |        810 |     180 |    0 |   539 |      0 |      0 |          0 |
|         (inst)                                                      |                                                                        finn_design_ConvolutionInputGenerator_0_0_ConvolutionInputGenerator_0 |          1 |          1 |       0 |    0 |     5 |      0 |      0 |          0 |
|         grp_ConvolutionInputGenerator_kernel_stride_fu_28           |                                finn_design_ConvolutionInputGenerator_0_0_ConvolutionInputGenerator_0_ConvolutionInputGenerator_kernel_stride |        967 |        787 |     180 |    0 |   494 |      0 |      0 |          0 |
|           (grp_ConvolutionInputGenerator_kernel_stride_fu_28)       |                                finn_design_ConvolutionInputGenerator_0_0_ConvolutionInputGenerator_0_ConvolutionInputGenerator_kernel_stride |        202 |        202 |       0 |    0 |   452 |      0 |      0 |          0 |
|           flow_control_loop_pipe_sequential_init_U                  |                                 finn_design_ConvolutionInputGenerator_0_0_ConvolutionInputGenerator_0_flow_control_loop_pipe_sequential_init |        527 |        527 |       0 |    0 |     2 |      0 |      0 |          0 |
|           inputBuf_1_U                                              |   finn_design_ConvolutionInputGenerator_0_0_ConvolutionInputGenerator_0_ConvolutionInputGenerator_kernel_stride_inputBuf_RAM_S2P_LUTRAM_1R1W |         44 |          8 |      36 |    0 |     8 |      0 |      0 |          0 |
|           inputBuf_2_U                                              | finn_design_ConvolutionInputGenerator_0_0_ConvolutionInputGenerator_0_ConvolutionInputGenerator_kernel_stride_inputBuf_RAM_S2P_LUTRAM_1R1W_1 |         44 |          8 |      36 |    0 |     8 |      0 |      0 |          0 |
|           inputBuf_3_U                                              | finn_design_ConvolutionInputGenerator_0_0_ConvolutionInputGenerator_0_ConvolutionInputGenerator_kernel_stride_inputBuf_RAM_S2P_LUTRAM_1R1W_2 |         44 |          8 |      36 |    0 |     8 |      0 |      0 |          0 |
|           inputBuf_4_U                                              | finn_design_ConvolutionInputGenerator_0_0_ConvolutionInputGenerator_0_ConvolutionInputGenerator_kernel_stride_inputBuf_RAM_S2P_LUTRAM_1R1W_3 |         46 |         10 |      36 |    0 |     8 |      0 |      0 |          0 |
|           inputBuf_U                                                | finn_design_ConvolutionInputGenerator_0_0_ConvolutionInputGenerator_0_ConvolutionInputGenerator_kernel_stride_inputBuf_RAM_S2P_LUTRAM_1R1W_4 |         44 |          8 |      36 |    0 |     8 |      0 |      0 |          0 |
|           sparsemux_11_3_8_1_1_U1                                   |                                                   finn_design_ConvolutionInputGenerator_0_0_ConvolutionInputGenerator_0_sparsemux_11_3_8_1_1 |         16 |         16 |       0 |    0 |     0 |      0 |      0 |          0 |
|         regslice_both_in0_V_U                                       |                                                          finn_design_ConvolutionInputGenerator_0_0_ConvolutionInputGenerator_0_regslice_both |         13 |         13 |       0 |    0 |    20 |      0 |      0 |          0 |
|         regslice_both_out_V_U                                       |                                                        finn_design_ConvolutionInputGenerator_0_0_ConvolutionInputGenerator_0_regslice_both_0 |          9 |          9 |       0 |    0 |    20 |      0 |      0 |          0 |
|     FMPadding_Batch_0                                               |                                                                                                              finn_design_FMPadding_Batch_0_0 |         86 |         86 |       0 |    0 |    91 |      0 |      0 |          0 |
|       inst                                                          |                                                                                            finn_design_FMPadding_Batch_0_0_FMPadding_Batch_0 |         86 |         86 |       0 |    0 |    91 |      0 |      0 |          0 |
|         (inst)                                                      |                                                                                            finn_design_FMPadding_Batch_0_0_FMPadding_Batch_0 |          0 |          0 |       0 |    0 |    50 |      0 |      0 |          0 |
|         flow_control_loop_pipe_no_ap_cont_U                         |                                                          finn_design_FMPadding_Batch_0_0_FMPadding_Batch_0_flow_control_loop_pipe_no_ap_cont |         61 |         61 |       0 |    0 |     1 |      0 |      0 |          0 |
|         regslice_both_in0_V_U                                       |                                                                              finn_design_FMPadding_Batch_0_0_FMPadding_Batch_0_regslice_both |          9 |          9 |       0 |    0 |    20 |      0 |      0 |          0 |
|         regslice_both_out_V_U                                       |                                                                            finn_design_FMPadding_Batch_0_0_FMPadding_Batch_0_regslice_both_0 |         16 |         16 |       0 |    0 |    20 |      0 |      0 |          0 |
|     LabelSelect_Batch_0                                             |                                                                                                            finn_design_LabelSelect_Batch_0_0 |         98 |         98 |       0 |    0 |    98 |      0 |      0 |          0 |
|       (LabelSelect_Batch_0)                                         |                                                                                                            finn_design_LabelSelect_Batch_0_0 |          0 |          0 |       0 |    0 |     0 |      0 |      0 |          0 |
|       inst                                                          |                                                                                        finn_design_LabelSelect_Batch_0_0_LabelSelect_Batch_0 |         98 |         98 |       0 |    0 |    98 |      0 |      0 |          0 |
|         (inst)                                                      |                                                                                        finn_design_LabelSelect_Batch_0_0_LabelSelect_Batch_0 |          0 |          0 |       0 |    0 |     6 |      0 |      0 |          0 |
|         grp_LabelSelect_Batch_0_Pipeline_VITIS_LOOP_488_3_fu_45     |                                          finn_design_LabelSelect_Batch_0_0_LabelSelect_Batch_0_LabelSelect_Batch_0_Pipeline_VITIS_LOOP_488_3 |         30 |         30 |       0 |    0 |    36 |      0 |      0 |          0 |
|           (grp_LabelSelect_Batch_0_Pipeline_VITIS_LOOP_488_3_fu_45) |                                          finn_design_LabelSelect_Batch_0_0_LabelSelect_Batch_0_LabelSelect_Batch_0_Pipeline_VITIS_LOOP_488_3 |          5 |          5 |       0 |    0 |    34 |      0 |      0 |          0 |
|           flow_control_loop_pipe_sequential_init_U                  |                                                 finn_design_LabelSelect_Batch_0_0_LabelSelect_Batch_0_flow_control_loop_pipe_sequential_init |         25 |         25 |       0 |    0 |     2 |      0 |      0 |          0 |
|         regslice_both_in0_V_U                                       |                                                                          finn_design_LabelSelect_Batch_0_0_LabelSelect_Batch_0_regslice_both |         56 |         56 |       0 |    0 |    46 |      0 |      0 |          0 |
|         regslice_both_out_V_U                                       |                                                          finn_design_LabelSelect_Batch_0_0_LabelSelect_Batch_0_regslice_both__parameterized0 |         12 |         12 |       0 |    0 |    10 |      0 |      0 |          0 |
|     MatrixVectorActivation_0                                        |                                                                                                       finn_design_MatrixVectorActivation_0_0 |       2960 |       2960 |       0 |    0 |   984 |      0 |      1 |          0 |
|       inst                                                          |                                                                              finn_design_MatrixVectorActivation_0_0_MatrixVectorActivation_0 |       2960 |       2960 |       0 |    0 |   984 |      0 |      1 |          0 |
|         (inst)                                                      |                                                                              finn_design_MatrixVectorActivation_0_0_MatrixVectorActivation_0 |          1 |          1 |       0 |    0 |     5 |      0 |      0 |          0 |
|         grp_Matrix_Vector_Activate_Batch_fu_540                     |                                                 finn_design_MatrixVectorActivation_0_0_MatrixVectorActivation_0_Matrix_Vector_Activate_Batch |       2936 |       2936 |       0 |    0 |   923 |      0 |      1 |          0 |
|           (grp_Matrix_Vector_Activate_Batch_fu_540)                 |                                                 finn_design_MatrixVectorActivation_0_0_MatrixVectorActivation_0_Matrix_Vector_Activate_Batch |       2607 |       2607 |       0 |    0 |   921 |      0 |      0 |          0 |
|           flow_control_loop_pipe_sequential_init_U                  |                                       finn_design_MatrixVectorActivation_0_0_MatrixVectorActivation_0_flow_control_loop_pipe_sequential_init |        161 |        161 |       0 |    0 |     2 |      0 |      0 |          0 |
|           mul_8ns_6s_14_1_1_U2                                      |                                                            finn_design_MatrixVectorActivation_0_0_MatrixVectorActivation_0_mul_8ns_6s_14_1_1 |         40 |         40 |       0 |    0 |     0 |      0 |      0 |          0 |
|           mul_8ns_6s_14_1_1_U3                                      |                                                          finn_design_MatrixVectorActivation_0_0_MatrixVectorActivation_0_mul_8ns_6s_14_1_1_0 |         40 |         40 |       0 |    0 |     0 |      0 |      0 |          0 |
|           sparsemux_37_5_16_1_1_U1                                  |                                                        finn_design_MatrixVectorActivation_0_0_MatrixVectorActivation_0_sparsemux_37_5_16_1_1 |         64 |         64 |       0 |    0 |     0 |      0 |      0 |          0 |
|           weights_38_U                                              |                          finn_design_MatrixVectorActivation_0_0_MatrixVectorActivation_0_Matrix_Vector_Activate_Batch_weights_38_ROM_AUTO_1R |         28 |         28 |       0 |    0 |     0 |      0 |      1 |          0 |
|         regslice_both_in0_V_U                                       |                                                                finn_design_MatrixVectorActivation_0_0_MatrixVectorActivation_0_regslice_both |         14 |         14 |       0 |    0 |    36 |      0 |      0 |          0 |
|         regslice_both_out_V_U                                       |                                                finn_design_MatrixVectorActivation_0_0_MatrixVectorActivation_0_regslice_both__parameterized0 |          9 |          9 |       0 |    0 |    20 |      0 |      0 |          0 |
|     MatrixVectorActivation_1                                        |                                                                                                       finn_design_MatrixVectorActivation_1_0 |       2928 |       2928 |       0 |    0 |   775 |      0 |      1 |          0 |
|       inst                                                          |                                                                              finn_design_MatrixVectorActivation_1_0_MatrixVectorActivation_1 |       2928 |       2928 |       0 |    0 |   775 |      0 |      1 |          0 |
|         (inst)                                                      |                                                                              finn_design_MatrixVectorActivation_1_0_MatrixVectorActivation_1 |          1 |          1 |       0 |    0 |     5 |      0 |      0 |          0 |
|         grp_Matrix_Vector_Activate_Batch_fu_540                     |                                                 finn_design_MatrixVectorActivation_1_0_MatrixVectorActivation_1_Matrix_Vector_Activate_Batch |       2908 |       2908 |       0 |    0 |   730 |      0 |      1 |          0 |
|           (grp_Matrix_Vector_Activate_Batch_fu_540)                 |                                                 finn_design_MatrixVectorActivation_1_0_MatrixVectorActivation_1_Matrix_Vector_Activate_Batch |       2651 |       2651 |       0 |    0 |   728 |      0 |      0 |          0 |
|           flow_control_loop_pipe_sequential_init_U                  |                                       finn_design_MatrixVectorActivation_1_0_MatrixVectorActivation_1_flow_control_loop_pipe_sequential_init |        163 |        163 |       0 |    0 |     2 |      0 |      0 |          0 |
|           mul_8ns_6s_14_1_1_U2                                      |                                                            finn_design_MatrixVectorActivation_1_0_MatrixVectorActivation_1_mul_8ns_6s_14_1_1 |         40 |         40 |       0 |    0 |     0 |      0 |      0 |          0 |
|           sparsemux_41_5_8_1_1_U1                                   |                                                         finn_design_MatrixVectorActivation_1_0_MatrixVectorActivation_1_sparsemux_41_5_8_1_1 |         41 |         41 |       0 |    0 |     0 |      0 |      0 |          0 |
|           weights_36_U                                              |                          finn_design_MatrixVectorActivation_1_0_MatrixVectorActivation_1_Matrix_Vector_Activate_Batch_weights_36_ROM_AUTO_1R |         15 |         15 |       0 |    0 |     0 |      0 |      1 |          0 |
|         regslice_both_in0_V_U                                       |                                                                finn_design_MatrixVectorActivation_1_0_MatrixVectorActivation_1_regslice_both |         10 |         10 |       0 |    0 |    20 |      0 |      0 |          0 |
|         regslice_both_out_V_U                                       |                                                              finn_design_MatrixVectorActivation_1_0_MatrixVectorActivation_1_regslice_both_0 |          9 |          9 |       0 |    0 |    20 |      0 |      0 |          0 |
|     MatrixVectorActivation_2                                        |                                                                                                       finn_design_MatrixVectorActivation_2_0 |       6167 |       6167 |       0 |    0 | 16870 |      1 |      1 |          0 |
|       (MatrixVectorActivation_2)                                    |                                                                                                       finn_design_MatrixVectorActivation_2_0 |          0 |          0 |       0 |    0 |     0 |      0 |      0 |          0 |
|       inst                                                          |                                                                              finn_design_MatrixVectorActivation_2_0_MatrixVectorActivation_2 |       6167 |       6167 |       0 |    0 | 16870 |      1 |      1 |          0 |
|         (inst)                                                      |                                                                              finn_design_MatrixVectorActivation_2_0_MatrixVectorActivation_2 |          1 |          1 |       0 |    0 |     8 |      0 |      0 |          0 |
|         grp_Matrix_Vector_Activate_Batch_fu_30                      |                                                 finn_design_MatrixVectorActivation_2_0_MatrixVectorActivation_2_Matrix_Vector_Activate_Batch |       5896 |       5896 |       0 |    0 | 16780 |      1 |      1 |          0 |
|           (grp_Matrix_Vector_Activate_Batch_fu_30)                  |                                                 finn_design_MatrixVectorActivation_2_0_MatrixVectorActivation_2_Matrix_Vector_Activate_Batch |         85 |         85 |       0 |    0 | 16775 |      0 |      0 |          0 |
|           flow_control_loop_pipe_sequential_init_U                  |                                       finn_design_MatrixVectorActivation_2_0_MatrixVectorActivation_2_flow_control_loop_pipe_sequential_init |       1401 |       1401 |       0 |    0 |     5 |      0 |      0 |          0 |
|           mul_8ns_3s_11_1_1_U2                                      |                                                            finn_design_MatrixVectorActivation_2_0_MatrixVectorActivation_2_mul_8ns_3s_11_1_1 |         16 |         16 |       0 |    0 |     0 |      0 |      0 |          0 |
|           mul_8ns_3s_11_1_1_U3                                      |                                                          finn_design_MatrixVectorActivation_2_0_MatrixVectorActivation_2_mul_8ns_3s_11_1_1_0 |         16 |         16 |       0 |    0 |     0 |      0 |      0 |          0 |
|           sparsemux_2049_10_16_1_1_U1                               |                                                     finn_design_MatrixVectorActivation_2_0_MatrixVectorActivation_2_sparsemux_2049_10_16_1_1 |       4368 |       4368 |       0 |    0 |     0 |      0 |      0 |          0 |
|           weights_33_U                                              |                          finn_design_MatrixVectorActivation_2_0_MatrixVectorActivation_2_Matrix_Vector_Activate_Batch_weights_33_ROM_AUTO_1R |         14 |         14 |       0 |    0 |     0 |      1 |      1 |          0 |
|         regslice_both_in0_V_U                                       |                                                                finn_design_MatrixVectorActivation_2_0_MatrixVectorActivation_2_regslice_both |        254 |        254 |       0 |    0 |    36 |      0 |      0 |          0 |
|         regslice_both_out_V_U                                       |                                                finn_design_MatrixVectorActivation_2_0_MatrixVectorActivation_2_regslice_both__parameterized0 |         16 |         16 |       0 |    0 |    46 |      0 |      0 |          0 |
|     StreamingDataWidthConverter_rtl_0                               |                                                                                              finn_design_StreamingDataWidthConverter_rtl_0_0 |          8 |          8 |       0 |    0 |    27 |      0 |      0 |          0 |
|       inst                                                          |                                                            finn_design_StreamingDataWidthConverter_rtl_0_0_StreamingDataWidthConverter_rtl_0 |          8 |          8 |       0 |    0 |    27 |      0 |      0 |          0 |
|         impl                                                        |                                                                                      finn_design_StreamingDataWidthConverter_rtl_0_0_dwc_axi |          8 |          8 |       0 |    0 |    27 |      0 |      0 |          0 |
|           core                                                      |                                                                                          finn_design_StreamingDataWidthConverter_rtl_0_0_dwc |          8 |          8 |       0 |    0 |    27 |      0 |      0 |          0 |
|     StreamingDataWidthConverter_rtl_1                               |                                                                                              finn_design_StreamingDataWidthConverter_rtl_1_0 |          8 |          8 |       0 |    0 |    27 |      0 |      0 |          0 |
|       inst                                                          |                                                            finn_design_StreamingDataWidthConverter_rtl_1_0_StreamingDataWidthConverter_rtl_1 |          8 |          8 |       0 |    0 |    27 |      0 |      0 |          0 |
|         impl                                                        |                                                                                      finn_design_StreamingDataWidthConverter_rtl_1_0_dwc_axi |          8 |          8 |       0 |    0 |    27 |      0 |      0 |          0 |
|           core                                                      |                                                                                          finn_design_StreamingDataWidthConverter_rtl_1_0_dwc |          8 |          8 |       0 |    0 |    27 |      0 |      0 |          0 |
|     StreamingFIFO_0                                                 |                                                                                                                finn_design_StreamingFIFO_0_0 |        322 |         98 |       0 |  224 |    38 |      0 |      0 |          0 |
|       inst                                                          |                                                                                                finn_design_StreamingFIFO_0_0_StreamingFIFO_0 |        322 |         98 |       0 |  224 |    38 |      0 |      0 |          0 |
|         StreamingFIFO_0_StreamingFIFO_0                             |                                                                                                          finn_design_StreamingFIFO_0_0_Q_srl |        322 |         98 |       0 |  224 |    38 |      0 |      0 |          0 |
|     StreamingFIFO_1                                                 |                                                                                                                  StreamingFIFO_1_imp_1SZ2JO1 |         32 |         32 |       0 |    0 |    69 |      2 |      0 |          0 |
|       fifo                                                          |                                                                                                                           finn_design_fifo_0 |         32 |         32 |       0 |    0 |    69 |      2 |      0 |          0 |
|         (fifo)                                                      |                                                                                                                           finn_design_fifo_0 |          0 |          0 |       0 |    0 |     0 |      0 |      0 |          0 |
|         inst                                                        |                                                                                                finn_design_fifo_0_axis_data_fifo_v2_0_11_top |         32 |         32 |       0 |    0 |    69 |      2 |      0 |          0 |
|           (inst)                                                    |                                                                                                finn_design_fifo_0_axis_data_fifo_v2_0_11_top |          0 |          0 |       0 |    0 |     0 |      0 |      0 |          0 |
|           gen_fifo.xpm_fifo_axis_inst                               |                                                                                                             finn_design_fifo_0_xpm_fifo_axis |         32 |         32 |       0 |    0 |    69 |      2 |      0 |          0 |
|     StreamingFIFO_2                                                 |                                                                                                                  StreamingFIFO_2_imp_17RAI8X |         32 |         32 |       0 |    0 |    69 |      2 |      0 |          0 |
|       fifo                                                          |                                                                                                                           finn_design_fifo_1 |         32 |         32 |       0 |    0 |    69 |      2 |      0 |          0 |
|         (fifo)                                                      |                                                                                                                           finn_design_fifo_1 |          0 |          0 |       0 |    0 |     0 |      0 |      0 |          0 |
|         inst                                                        |                                                                                                finn_design_fifo_1_axis_data_fifo_v2_0_11_top |         32 |         32 |       0 |    0 |    69 |      2 |      0 |          0 |
|           (inst)                                                    |                                                                                                finn_design_fifo_1_axis_data_fifo_v2_0_11_top |          0 |          0 |       0 |    0 |     0 |      0 |      0 |          0 |
|           gen_fifo.xpm_fifo_axis_inst                               |                                                                                                             finn_design_fifo_1_xpm_fifo_axis |         32 |         32 |       0 |    0 |    69 |      2 |      0 |          0 |
|     StreamingFIFO_3                                                 |                                                                                                                   StreamingFIFO_3_imp_1OKGPA |         32 |         32 |       0 |    0 |    69 |      4 |      0 |          0 |
|       fifo                                                          |                                                                                                                           finn_design_fifo_2 |         32 |         32 |       0 |    0 |    69 |      4 |      0 |          0 |
|         (fifo)                                                      |                                                                                                                           finn_design_fifo_2 |          0 |          0 |       0 |    0 |     0 |      0 |      0 |          0 |
|         inst                                                        |                                                                                                finn_design_fifo_2_axis_data_fifo_v2_0_11_top |         32 |         32 |       0 |    0 |    69 |      4 |      0 |          0 |
|           (inst)                                                    |                                                                                                finn_design_fifo_2_axis_data_fifo_v2_0_11_top |          0 |          0 |       0 |    0 |     0 |      0 |      0 |          0 |
|           gen_fifo.xpm_fifo_axis_inst                               |                                                                                                             finn_design_fifo_2_xpm_fifo_axis |         32 |         32 |       0 |    0 |    69 |      4 |      0 |          0 |
|     StreamingFIFO_4                                                 |                                                                                                                finn_design_StreamingFIFO_4_0 |         55 |         47 |       0 |    8 |    24 |      0 |      0 |          0 |
|       inst                                                          |                                                                                                finn_design_StreamingFIFO_4_0_StreamingFIFO_4 |         55 |         47 |       0 |    8 |    24 |      0 |      0 |          0 |
|         StreamingFIFO_4_StreamingFIFO_4                             |                                                                                                          finn_design_StreamingFIFO_4_0_Q_srl |         55 |         47 |       0 |    8 |    24 |      0 |      0 |          0 |
|     StreamingFIFO_6                                                 |                                                                                                                finn_design_StreamingFIFO_6_0 |         88 |         56 |       0 |   32 |    34 |      0 |      0 |          0 |
|       inst                                                          |                                                                                                finn_design_StreamingFIFO_6_0_StreamingFIFO_6 |         88 |         56 |       0 |   32 |    34 |      0 |      0 |          0 |
|         StreamingFIFO_6_StreamingFIFO_6                             |                                                                                                          finn_design_StreamingFIFO_6_0_Q_srl |         88 |         56 |       0 |   32 |    34 |      0 |      0 |          0 |
+---------------------------------------------------------------------+----------------------------------------------------------------------------------------------------------------------------------------------+------------+------------+---------+------+-------+--------+--------+------------+


